../Core/Src/main.c:89:5:main	8	static
../Core/Src/main.c:162:6:SystemClock_Config	88	static
../Core/Src/main.c:209:13:MX_TIM1_Init	96	static
../Core/Src/main.c:284:13:MX_TIM2_Init	48	static
../Core/Src/main.c:342:13:MX_USART2_UART_Init	8	static
../Core/Src/main.c:373:13:MX_DMA_Init	16	static
../Core/Src/main.c:391:13:MX_GPIO_Init	48	static
../Core/Src/main.c:420:7:IC_Calc_Period	32	static
../Core/Src/main.c:437:6:HztoRpm	8	static
../Core/Src/main.c:443:6:ControlMotor	4	static
../Core/Src/main.c:558:6:Error_Handler	4	static,ignoring_inline_asm
